apache-environ-names: non-suEXEC environment variables specific to Apache httpd
apache-suexec-names: environment variables strings'd from Apache suEXEC binary
apache2-ctl-names: environment variables used by the Apache2 control script
binutils-ld-names: GNU binutils linker environment variables
common-gateway-names: environment variables used for dynamic web scripting
dash-environ-names: environment variables set by default on Debian dash shell
debian-shell-names: common names of environment variables in Debian BASH shell
environ-manpage-names: environment variables listed in Linux manual pages
environ-setenv-names: environment variables displayed by `env` at shell prompt
hesiod-environ-names: a name server interface library's environment variables
libc-ldso-names: standard C library dynamic linker/loader environment names
linux-pids-names: environment variable names from the Linux process table
macosx-pids-names: environment variable names from the Mac OSX process table
mosh-environ-names: MObile SHell specific environment variable names
netbsd-environ-names: NetBSD environment variable names
resolv-environ-names: DNS resolver library configuration environment variables
systemd-environ-names: system and service manager environment variable names
zsh-environ-names: environment variables set by default in Debian Z shell
