about-http-headers: Descriptions for the most common HTTP header fields
amazon-http-headers: HTTP headers specific to Amazon
access-control-headers: Cross Origin Resource Sharing (CORS) header name list
cloudfront-request-headers: CloudFront HTTP request headers used by Amazon AWS
cors-request-headers: list of CORS header names used only in HTTP requests
cors-response-headers: list of CORS header names used only in HTTP responses
custom-request-headers: names of non-standard (i.e. not RFC specified) headers
custom-response-headers: names of non-standard (i.e. not RFC specified) headers
http-request-headers: the names of all standard HTTP request header fields
http-response-headers: the names of all standard HTTP response header fields
security-policy-headers: CSP (Content-Security-Policy) header name list
ssrf-request-headers: request headers that can be used in SSRF attacks
ssrf-response-headers: response headers host names for SSRF can be parsed from
tusio-http-headers: headers used by resumable file transfer protocol, see tus.io
web-agent-strings: common User-Agent request header field settings
